device cuda
loading annotations into memory...
Done (t=0.05s)
creating index...
index created!
loading annotations into memory...
Done (t=0.01s)
creating index...
index created!
loading annotations into memory...
Done (t=0.01s)
creating index...
index created!
Downloading: "https://download.pytorch.org/models/maskrcnn_resnet50_fpn_coco-bf2d0c1e.pth" to /home/sangjoon/.cache/torch/hub/checkpoints/maskrcnn_resnet50_fpn_coco-bf2d0c1e.pth
{'epoch': 1, 'train_loss': 1.14, 'val_loss': 1.2065, 'train_precision': 0.7998, 'train_recall': 0.8628, 'val_precision': 0.6383, 'val_recall': 0.5516, 'val_mAP50': 0.5499, 'val_mAP50_95': 0.3383}
  new best val mask mAP50-95 0.3383 -> /home/sangjoon/Desktop/school/cimed/vinay/result/scripts/rerun/output/maskrcnn/maskrcnn_resnet50_fpn_best.pth
{'epoch': 2, 'train_loss': 0.5828, 'val_loss': 1.1489, 'train_precision': 0.8799, 'train_recall': 0.9213, 'val_precision': 0.6321, 'val_recall': 0.5523, 'val_mAP50': 0.579, 'val_mAP50_95': 0.3463}
  new best val mask mAP50-95 0.3463 -> /home/sangjoon/Desktop/school/cimed/vinay/result/scripts/rerun/output/maskrcnn/maskrcnn_resnet50_fpn_best.pth
{'epoch': 3, 'train_loss': 0.474, 'val_loss': 1.1896, 'train_precision': 0.9429, 'train_recall': 0.9356, 'val_precision': 0.6666, 'val_recall': 0.6006, 'val_mAP50': 0.5687, 'val_mAP50_95': 0.3558}
  new best val mask mAP50-95 0.3558 -> /home/sangjoon/Desktop/school/cimed/vinay/result/scripts/rerun/output/maskrcnn/maskrcnn_resnet50_fpn_best.pth
{'epoch': 4, 'train_loss': 0.4223, 'val_loss': 1.168, 'train_precision': 0.9595, 'train_recall': 0.9623, 'val_precision': 0.6489, 'val_recall': 0.5786, 'val_mAP50': 0.5608, 'val_mAP50_95': 0.3574}
  new best val mask mAP50-95 0.3574 -> /home/sangjoon/Desktop/school/cimed/vinay/result/scripts/rerun/output/maskrcnn/maskrcnn_resnet50_fpn_best.pth
{'epoch': 5, 'train_loss': 0.3801, 'val_loss': 1.2186, 'train_precision': 0.9634, 'train_recall': 0.9689, 'val_precision': 0.6826, 'val_recall': 0.5607, 'val_mAP50': 0.5661, 'val_mAP50_95': 0.3655}
  new best val mask mAP50-95 0.3655 -> /home/sangjoon/Desktop/school/cimed/vinay/result/scripts/rerun/output/maskrcnn/maskrcnn_resnet50_fpn_best.pth
{'epoch': 6, 'train_loss': 0.3593, 'val_loss': 1.1719, 'train_precision': 0.9676, 'train_recall': 0.9813, 'val_precision': 0.6865, 'val_recall': 0.5727, 'val_mAP50': 0.5763, 'val_mAP50_95': 0.3673}
  new best val mask mAP50-95 0.3673 -> /home/sangjoon/Desktop/school/cimed/vinay/result/scripts/rerun/output/maskrcnn/maskrcnn_resnet50_fpn_best.pth
{'epoch': 7, 'train_loss': 0.3353, 'val_loss': 1.3368, 'train_precision': 0.9674, 'train_recall': 0.9816, 'val_precision': 0.7182, 'val_recall': 0.5393, 'val_mAP50': 0.5546, 'val_mAP50_95': 0.3401}
{'epoch': 8, 'train_loss': 0.3169, 'val_loss': 1.3383, 'train_precision': 0.9699, 'train_recall': 0.9194, 'val_precision': 0.7151, 'val_recall': 0.5468, 'val_mAP50': 0.5551, 'val_mAP50_95': 0.3567}
{'epoch': 9, 'train_loss': 0.2632, 'val_loss': 1.2876, 'train_precision': 0.9735, 'train_recall': 0.9925, 'val_precision': 0.6832, 'val_recall': 0.5767, 'val_mAP50': 0.5628, 'val_mAP50_95': 0.3624}
{'epoch': 10, 'train_loss': 0.2477, 'val_loss': 1.3445, 'train_precision': 0.9749, 'train_recall': 0.8606, 'val_precision': 0.6844, 'val_recall': 0.5744, 'val_mAP50': 0.5613, 'val_mAP50_95': 0.3613}
{'epoch': 11, 'train_loss': 0.2413, 'val_loss': 1.3618, 'train_precision': 0.7889, 'train_recall': 0.9938, 'val_precision': 0.6875, 'val_recall': 0.5695, 'val_mAP50': 0.5593, 'val_mAP50_95': 0.359}
{'epoch': 12, 'train_loss': 0.2346, 'val_loss': 1.359, 'train_precision': 0.9756, 'train_recall': 0.8605, 'val_precision': 0.6813, 'val_recall': 0.5722, 'val_mAP50': 0.5598, 'val_mAP50_95': 0.3605}
wrote /home/sangjoon/Desktop/school/cimed/vinay/result/data/training_curves/maskrcnn_rerun.csv and /home/sangjoon/Desktop/school/cimed/vinay/result/data/predictions/maskrcnn_test.json
