[2026-09-16 21:05:04] === run_local.sh  RESULT=/home/sangjoon/Desktop/school/cimed/vinay/result  TORS_SHARED=/home/sangjoon/Desktop/school/cimed/vinay  env=isaaclab  device=0 ===
torch 2.7.0+cu126 cuda True Quadro RTX 3000
[2026-09-16 21:05:06] plan: [GPU serial] sam3 (~1-3 h) -> maskrcnn curves (~3-5 h @bs2) -> yolo curves (~3-5 h)
[2026-09-16 21:05:06]       [CPU background] after each: compute_mask_metrics / collect_results / make_figures
[2026-09-16 21:05:06] START sam3 :: python scripts/rerun/sam3_eval_save_predictions.py --device cuda --fp16
[2026-09-16 21:05:06] post-processing sam3 in background :: bash -c python scripts/compute_mask_metrics.py sam3 && python scripts/collect_results.py && python plot/make_figures.py 1b 2 3 4
[2026-09-16 21:05:06] START maskrcnn :: python scripts/rerun/maskrcnn_train_curves.py --epochs 12 --lr-steps 8 11 --batch-size 2 --lr 0.0025 --seed 42 --num-workers 4 --adopt
[2026-09-16 21:05:06] post-processing maskrcnn in background :: bash -c python scripts/compute_mask_metrics.py maskrcnn && python scripts/collect_results.py && python plot/make_figures.py
[2026-09-16 21:05:06] START yolo :: python scripts/rerun/yolo_train_curves.py --epochs 60 --device 0
[2026-09-16 21:05:06] post-processing yolo in background :: bash -c python scripts/collect_results.py && python plot/make_figures.py 1a
[2026-09-16 21:05:06] waiting for background post-processing (0 jobs)...
[2026-09-16 21:05:06] ALL DONE. figures in /home/sangjoon/Desktop/school/cimed/vinay/result/figures, provenance in /home/sangjoon/Desktop/school/cimed/vinay/result/data/SOURCES.md
[2026-09-16 21:05:21] === run_local.sh  RESULT=/home/sangjoon/Desktop/school/cimed/vinay/result  TORS_SHARED=/home/sangjoon/Desktop/school/cimed/vinay  env=isaaclab  device=0 ===
torch 2.7.0+cu126 cuda True Quadro RTX 3000
[2026-09-16 21:05:23] plan: [GPU serial] sam3 (~1-3 h) -> maskrcnn curves (~3-5 h @bs2) -> yolo curves (~3-5 h)
[2026-09-16 21:05:23]       [CPU background] after each: compute_mask_metrics / collect_results / make_figures
[2026-09-16 21:05:23] START sam3 :: python scripts/rerun/sam3_eval_save_predictions.py --device cuda --fp16
[2026-09-16 21:52:39] DONE  sam3  (log: /home/sangjoon/Desktop/school/cimed/vinay/result/scripts/rerun/logs/local/sam3.out)
[2026-09-16 21:52:39] post-processing sam3 in background :: bash -c python scripts/compute_mask_metrics.py sam3 && python scripts/collect_results.py && python plot/make_figures.py 1b 2 3 4
[2026-09-16 21:52:39] START maskrcnn :: python scripts/rerun/maskrcnn_train_curves.py --epochs 12 --lr-steps 8 11 --batch-size 2 --lr 0.0025 --seed 42 --num-workers 4 --adopt
[2026-09-16 21:52:46] post-processing sam3 finished
[2026-09-17 02:54:04] DONE  maskrcnn  (log: /home/sangjoon/Desktop/school/cimed/vinay/result/scripts/rerun/logs/local/maskrcnn.out)
[2026-09-17 02:54:04] post-processing maskrcnn in background :: bash -c python scripts/compute_mask_metrics.py maskrcnn && python scripts/collect_results.py && python plot/make_figures.py
[2026-09-17 02:54:04] START yolo :: python scripts/rerun/yolo_train_curves.py --epochs 60 --device 0
[2026-09-17 02:54:12] post-processing maskrcnn finished
[2026-09-17 04:05:15] DONE  yolo  (log: /home/sangjoon/Desktop/school/cimed/vinay/result/scripts/rerun/logs/local/yolo.out)
[2026-09-17 04:05:15] post-processing yolo in background :: bash -c python scripts/collect_results.py && python plot/make_figures.py 1a
[2026-09-17 04:05:15] waiting for background post-processing (3 jobs)...
[2026-09-17 04:05:17] post-processing yolo finished
[2026-09-17 04:05:24] ALL DONE. figures in /home/sangjoon/Desktop/school/cimed/vinay/result/figures, provenance in /home/sangjoon/Desktop/school/cimed/vinay/result/data/SOURCES.md
[2026-09-17 16:38:26] === run_local.sh  RESULT=/home/sangjoon/Desktop/school/cimed/vinay/result  TORS_SHARED=/home/sangjoon/Desktop/school/cimed/vinay  env=isaaclab  device=0 ===
torch 2.7.0+cu126 cuda True Quadro RTX 3000
[2026-09-17 16:38:28] plan: [GPU serial] sam3 (~1-3 h) -> maskrcnn curves (~3-5 h @bs2) -> yolo curves (~3-5 h) -> monai (~2-4 h)
[2026-09-17 16:38:28]       [CPU background] after each: compute_mask_metrics / collect_results / make_figures
[2026-09-17 16:38:28] START monai_masks :: python scripts/rerun/monai/prepare_masks.py
[2026-09-17 16:38:28] START monai :: python scripts/rerun/monai/monai_train_curves.py --epochs 100 --batch-size 4 --seed 42 --num-workers 4
[2026-09-17 16:38:28] post-processing monai in background :: bash -c python scripts/compute_mask_metrics.py monai && python scripts/collect_results.py && python plot/make_figures.py
[2026-09-17 16:38:28] waiting for background post-processing (0 jobs)...
[2026-09-17 16:38:28] ALL DONE. figures in /home/sangjoon/Desktop/school/cimed/vinay/result/figures, provenance in /home/sangjoon/Desktop/school/cimed/vinay/result/data/SOURCES.md
[2026-09-17 16:38:33] === run_local.sh  RESULT=/home/sangjoon/Desktop/school/cimed/vinay/result  TORS_SHARED=/home/sangjoon/Desktop/school/cimed/vinay  env=isaaclab  device=0 ===
torch 2.7.0+cu126 cuda True Quadro RTX 3000
[2026-09-17 16:38:34] plan: [GPU serial] sam3 (~1-3 h) -> maskrcnn curves (~3-5 h @bs2) -> yolo curves (~3-5 h) -> monai (~2-4 h)
[2026-09-17 16:38:34]       [CPU background] after each: compute_mask_metrics / collect_results / make_figures
[2026-09-17 16:38:34] START monai_masks :: python scripts/rerun/monai/prepare_masks.py
[2026-09-17 16:38:40] DONE  monai_masks  (log: /home/sangjoon/Desktop/school/cimed/vinay/result/scripts/rerun/logs/local/monai_masks.out)
[2026-09-17 16:38:40] START monai :: python scripts/rerun/monai/monai_train_curves.py --epochs 100 --batch-size 4 --seed 42 --num-workers 4
[2026-09-17 19:25:28] DONE  monai  (log: /home/sangjoon/Desktop/school/cimed/vinay/result/scripts/rerun/logs/local/monai.out)
[2026-09-17 19:25:28] post-processing monai in background :: bash -c python scripts/compute_mask_metrics.py monai && python scripts/collect_results.py && python plot/make_figures.py
[2026-09-17 19:25:28] waiting for background post-processing (1 jobs)...
[2026-09-17 19:25:37] post-processing monai finished
[2026-09-17 19:25:46] ALL DONE. figures in /home/sangjoon/Desktop/school/cimed/vinay/result/figures, provenance in /home/sangjoon/Desktop/school/cimed/vinay/result/data/SOURCES.md
